[2026-03-11T03:21:47.443856+00:00] [STARTUP] Database initialised
[2026-03-11T03:21:47.446475+00:00] [STARTUP] Session restored from DB — expiry=2026-03-10
[2026-03-11T03:21:47.446475+00:00] [STARTUP] Python backend listening on http://localhost:4000
[2026-03-11T03:21:47.447964+00:00] [STARTUP] Date IST: 2026-03-11
[2026-03-11T03:21:47.646901+00:00] [SCHEDULER] APScheduler started — fetching every minute at :00
[2026-03-11T03:22:31.730115+00:00] [CONNECT] Expiry: 2026-03-17
[2026-03-11T03:22:31.871697+00:00] [URL CHECK] URL changed. Cleared snapshots.
[2026-03-11T03:22:31.919206+00:00] [CONNECT SUCCESS] cleared=True scheduler session updated
[2026-03-11T03:22:53.149057+00:00] [REQUEST] POST /api/process - expiry: 2026-03-17
[2026-03-11T03:22:53.240180+00:00] [UPSTOX FETCH] instrument=NSE_INDEX|Nifty 50 expiry=2026-03-17
[2026-03-11T03:22:53.863387+00:00] [UPSTOX FETCH] status=success rows=126
[2026-03-11T03:22:54.729970+00:00] [FUTURE QUOTE] Fetching quote for NSE_FO|51714
[2026-03-11T03:22:55.080145+00:00] [FUTURE QUOTE] ltp=24405.7 atp=24303.22 oi=17922385.0 vol=7044895.0 buy_qty=501670.0 sell_qty=319670.0
[2026-03-11T03:22:55.082678+00:00] [FUTURE] NIFTY FUT 30 MAR 26 ltp=24405.7 oi=17922385.0 oi_val_ltp=437408351594
[2026-03-11T03:22:55.144517+00:00] [DATA POINT] {"id": 598, "timestamp": "2026-03-11T03:22:55Z", "date": "2026-03-11", "underlying": 24261.6, "ce_oi": 58010810.0, "pe_oi": 51035400.0, "total_ce_oi_value": 5400684568.5, "total_pe_oi_value": 7897065946.25}
[2026-03-11T03:22:55.145529+00:00] [SUCCESS] Data saved – id=598 ts=2026-03-11T03:22:55Z
[2026-03-11T03:23:50.599580+00:00] [REQUEST] POST /api/process - expiry: 2026-03-17
[2026-03-11T03:23:50.606787+00:00] [UPSTOX FETCH] instrument=NSE_INDEX|Nifty 50 expiry=2026-03-17
[2026-03-11T03:23:51.431212+00:00] [UPSTOX FETCH] status=success rows=126
[2026-03-11T03:23:52.252107+00:00] [FUTURE QUOTE] Fetching quote for NSE_FO|51714
[2026-03-11T03:23:52.565976+00:00] [FUTURE QUOTE] ltp=24405.7 atp=24303.22 oi=17922385.0 vol=7044895.0 buy_qty=501670.0 sell_qty=319670.0
[2026-03-11T03:23:52.569075+00:00] [FUTURE] NIFTY FUT 30 MAR 26 ltp=24405.7 oi=17922385.0 oi_val_ltp=437408351594
[2026-03-11T03:23:52.644773+00:00] [DATA POINT] {"id": 599, "timestamp": "2026-03-11T03:23:52Z", "date": "2026-03-11", "underlying": 24261.6, "ce_oi": 58010810.0, "pe_oi": 51035400.0, "total_ce_oi_value": 5400684568.5, "total_pe_oi_value": 7897065946.25}
[2026-03-11T03:23:52.645410+00:00] [SUCCESS] Data saved – id=599 ts=2026-03-11T03:23:52Z
[2026-03-11T03:25:00.385174+00:00] [REQUEST] POST /api/process - expiry: 2026-03-17
[2026-03-11T03:25:00.393849+00:00] [UPSTOX FETCH] instrument=NSE_INDEX|Nifty 50 expiry=2026-03-17
[2026-03-11T03:25:00.910875+00:00] [UPSTOX FETCH] status=success rows=126
[2026-03-11T03:25:01.740690+00:00] [FUTURE QUOTE] Fetching quote for NSE_FO|51714
[2026-03-11T03:25:02.024676+00:00] [FUTURE QUOTE] ltp=24405.7 atp=24303.22 oi=17922385.0 vol=7044895.0 buy_qty=501670.0 sell_qty=319670.0
[2026-03-11T03:25:02.028197+00:00] [FUTURE] NIFTY FUT 30 MAR 26 ltp=24405.7 oi=17922385.0 oi_val_ltp=437408351594
[2026-03-11T03:25:02.089639+00:00] [DATA POINT] {"id": 600, "timestamp": "2026-03-11T03:25:02Z", "date": "2026-03-11", "underlying": 24261.6, "ce_oi": 58010810.0, "pe_oi": 51035400.0, "total_ce_oi_value": 5400684568.5, "total_pe_oi_value": 7897065946.25}
[2026-03-11T03:25:02.090640+00:00] [SUCCESS] Data saved – id=600 ts=2026-03-11T03:25:02Z
[2026-03-11T03:26:00.613358+00:00] [REQUEST] POST /api/process - expiry: 2026-03-17
[2026-03-11T03:26:00.620653+00:00] [UPSTOX FETCH] instrument=NSE_INDEX|Nifty 50 expiry=2026-03-17
[2026-03-11T03:26:01.009730+00:00] [UPSTOX FETCH] status=success rows=126
[2026-03-11T03:26:02.086851+00:00] [FUTURE QUOTE] Fetching quote for NSE_FO|51714
[2026-03-11T03:26:02.406753+00:00] [FUTURE QUOTE] ltp=24405.7 atp=24303.22 oi=17922385.0 vol=7044895.0 buy_qty=501670.0 sell_qty=319670.0
[2026-03-11T03:26:02.410920+00:00] [FUTURE] NIFTY FUT 30 MAR 26 ltp=24405.7 oi=17922385.0 oi_val_ltp=437408351594
[2026-03-11T03:26:02.476830+00:00] [DATA POINT] {"id": 601, "timestamp": "2026-03-11T03:26:02Z", "date": "2026-03-11", "underlying": 24261.6, "ce_oi": 58010810.0, "pe_oi": 51035400.0, "total_ce_oi_value": 5400684568.5, "total_pe_oi_value": 7897065946.25}
[2026-03-11T03:26:02.478204+00:00] [SUCCESS] Data saved – id=601 ts=2026-03-11T03:26:02Z
[2026-03-11T03:27:00.645376+00:00] [REQUEST] POST /api/process - expiry: 2026-03-17
[2026-03-11T03:27:00.654195+00:00] [UPSTOX FETCH] instrument=NSE_INDEX|Nifty 50 expiry=2026-03-17
[2026-03-11T03:27:01.014549+00:00] [UPSTOX FETCH] status=success rows=126
[2026-03-11T03:27:02.270244+00:00] [FUTURE QUOTE] Fetching quote for NSE_FO|51714
[2026-03-11T03:27:02.548231+00:00] [FUTURE QUOTE] ltp=24405.7 atp=24303.22 oi=17922385.0 vol=7044895.0 buy_qty=501670.0 sell_qty=319670.0
[2026-03-11T03:27:02.551237+00:00] [FUTURE] NIFTY FUT 30 MAR 26 ltp=24405.7 oi=17922385.0 oi_val_ltp=437408351594
[2026-03-11T03:27:02.616217+00:00] [DATA POINT] {"id": 602, "timestamp": "2026-03-11T03:27:02Z", "date": "2026-03-11", "underlying": 24261.6, "ce_oi": 58010810.0, "pe_oi": 51035400.0, "total_ce_oi_value": 5400684568.5, "total_pe_oi_value": 7897065946.25}
[2026-03-11T03:27:02.617895+00:00] [SUCCESS] Data saved – id=602 ts=2026-03-11T03:27:02Z
[2026-03-11T03:27:32.079934+00:00] [REQUEST] POST /api/process - expiry: 2026-03-17
[2026-03-11T03:27:32.088029+00:00] [CACHE HIT] Returning scheduler-saved data for minute 2026-03-11T03:27
[2026-03-11T03:28:05.628461+00:00] [REQUEST] POST /api/process - expiry: 2026-03-17
[2026-03-11T03:28:05.638500+00:00] [UPSTOX FETCH] instrument=NSE_INDEX|Nifty 50 expiry=2026-03-17
[2026-03-11T03:28:06.049411+00:00] [UPSTOX FETCH] status=success rows=126
[2026-03-11T03:28:06.991322+00:00] [FUTURE QUOTE] Fetching quote for NSE_FO|51714
[2026-03-11T03:28:07.351331+00:00] [FUTURE QUOTE] ltp=24405.7 atp=24303.22 oi=17922385.0 vol=7044895.0 buy_qty=501670.0 sell_qty=319670.0
[2026-03-11T03:28:07.354561+00:00] [FUTURE] NIFTY FUT 30 MAR 26 ltp=24405.7 oi=17922385.0 oi_val_ltp=437408351594
[2026-03-11T03:28:07.436205+00:00] [DATA POINT] {"id": 603, "timestamp": "2026-03-11T03:28:07Z", "date": "2026-03-11", "underlying": 24261.6, "ce_oi": 58010810.0, "pe_oi": 51035400.0, "total_ce_oi_value": 5400684568.5, "total_pe_oi_value": 7897065946.25}
[2026-03-11T03:28:07.436205+00:00] [SUCCESS] Data saved – id=603 ts=2026-03-11T03:28:07Z
[2026-03-11T03:29:03.404484+00:00] [REQUEST] POST /api/process - expiry: 2026-03-17
[2026-03-11T03:29:03.414249+00:00] [UPSTOX FETCH] instrument=NSE_INDEX|Nifty 50 expiry=2026-03-17
[2026-03-11T03:29:03.790061+00:00] [UPSTOX FETCH] status=success rows=126
[2026-03-11T03:29:04.866033+00:00] [FUTURE QUOTE] Fetching quote for NSE_FO|51714
[2026-03-11T03:29:05.323182+00:00] [FUTURE QUOTE] ltp=24405.7 atp=24303.22 oi=17922385.0 vol=7044895.0 buy_qty=501670.0 sell_qty=319670.0
[2026-03-11T03:29:05.325571+00:00] [FUTURE] NIFTY FUT 30 MAR 26 ltp=24405.7 oi=17922385.0 oi_val_ltp=437408351594
[2026-03-11T03:29:05.387144+00:00] [DATA POINT] {"id": 604, "timestamp": "2026-03-11T03:29:05Z", "date": "2026-03-11", "underlying": 24261.6, "ce_oi": 58010810.0, "pe_oi": 51035400.0, "total_ce_oi_value": 5400684568.5, "total_pe_oi_value": 7897065946.25}
[2026-03-11T03:29:05.388505+00:00] [SUCCESS] Data saved – id=604 ts=2026-03-11T03:29:05Z
[2026-03-11T03:30:02.346313+00:00] [REQUEST] POST /api/process - expiry: 2026-03-17
[2026-03-11T03:30:02.356474+00:00] [UPSTOX FETCH] instrument=NSE_INDEX|Nifty 50 expiry=2026-03-17
[2026-03-11T03:30:04.147499+00:00] [UPSTOX FETCH] status=success rows=126
[2026-03-11T03:30:05.218949+00:00] [FUTURE QUOTE] Fetching quote for NSE_FO|51714
[2026-03-11T03:30:05.513222+00:00] [FUTURE QUOTE] ltp=24405.7 atp=24303.22 oi=17922385.0 vol=7044895.0 buy_qty=501670.0 sell_qty=319670.0
[2026-03-11T03:30:05.517372+00:00] [FUTURE] NIFTY FUT 30 MAR 26 ltp=24405.7 oi=17922385.0 oi_val_ltp=437408351594
[2026-03-11T03:30:05.579897+00:00] [DATA POINT] {"id": 605, "timestamp": "2026-03-11T03:30:05Z", "date": "2026-03-11", "underlying": 24261.6, "ce_oi": 58010810.0, "pe_oi": 51035400.0, "total_ce_oi_value": 5400684568.5, "total_pe_oi_value": 7897065946.25}
[2026-03-11T03:30:05.581049+00:00] [SUCCESS] Data saved – id=605 ts=2026-03-11T03:30:05Z
[2026-03-11T03:31:00.608670+00:00] [REQUEST] POST /api/process - expiry: 2026-03-17
[2026-03-11T03:31:00.619934+00:00] [UPSTOX FETCH] instrument=NSE_INDEX|Nifty 50 expiry=2026-03-17
[2026-03-11T03:31:00.946656+00:00] [UPSTOX FETCH] status=success rows=126
[2026-03-11T03:31:01.922987+00:00] [FUTURE QUOTE] Fetching quote for NSE_FO|51714
[2026-03-11T03:31:02.261785+00:00] [FUTURE QUOTE] ltp=24405.7 atp=0.0 oi=17922385.0 vol=780.0 buy_qty=30550.0 sell_qty=30030.0
[2026-03-11T03:31:02.264392+00:00] [FUTURE] NIFTY FUT 30 MAR 26 ltp=24405.7 oi=17922385.0 oi_val_ltp=437408351594
[2026-03-11T03:31:02.325651+00:00] [DATA POINT] {"id": 606, "timestamp": "2026-03-11T03:31:02Z", "date": "2026-03-11", "underlying": 24409.55, "ce_oi": 58010810.0, "pe_oi": 51035400.0, "total_ce_oi_value": 5400684568.5, "total_pe_oi_value": 7897065946.25}
[2026-03-11T03:31:02.327158+00:00] [SUCCESS] Data saved – id=606 ts=2026-03-11T03:31:02Z
[2026-03-11T03:31:07.318202+00:00] [REQUEST] POST /api/process - expiry: 2026-03-17
[2026-03-11T03:31:07.328484+00:00] [CACHE HIT] Returning scheduler-saved data for minute 2026-03-11T03:31
[2026-03-11T03:32:05.339615+00:00] [REQUEST] POST /api/process - expiry: 2026-03-17
[2026-03-11T03:32:05.347761+00:00] [UPSTOX FETCH] instrument=NSE_INDEX|Nifty 50 expiry=2026-03-17
[2026-03-11T03:32:05.854693+00:00] [UPSTOX FETCH] status=success rows=126
[2026-03-11T03:32:06.821989+00:00] [FUTURE QUOTE] Fetching quote for NSE_FO|51714
[2026-03-11T03:32:07.167798+00:00] [FUTURE QUOTE] ltp=24405.7 atp=0.0 oi=17922385.0 vol=975.0 buy_qty=36920.0 sell_qty=34905.0
[2026-03-11T03:32:07.170121+00:00] [FUTURE] NIFTY FUT 30 MAR 26 ltp=24405.7 oi=17922385.0 oi_val_ltp=437408351594
[2026-03-11T03:32:07.190947+00:00] [DATA POINT] {"id": 607, "timestamp": "2026-03-11T03:32:07Z", "date": "2026-03-11", "underlying": 24299.15, "ce_oi": 58010810.0, "pe_oi": 51035400.0, "total_ce_oi_value": 5400684568.5, "total_pe_oi_value": 7897065946.25}
[2026-03-11T03:32:07.191972+00:00] [SUCCESS] Data saved – id=607 ts=2026-03-11T03:32:07Z
[2026-03-11T03:33:04.601707+00:00] [REQUEST] POST /api/process - expiry: 2026-03-17
[2026-03-11T03:33:04.612445+00:00] [UPSTOX FETCH] instrument=NSE_INDEX|Nifty 50 expiry=2026-03-17
[2026-03-11T03:33:04.944180+00:00] [UPSTOX FETCH] status=success rows=126
[2026-03-11T03:33:06.029777+00:00] [FUTURE QUOTE] Fetching quote for NSE_FO|51714
[2026-03-11T03:33:06.208496+00:00] [FUTURE QUOTE] ltp=24405.7 atp=0.0 oi=17922385.0 vol=1365.0 buy_qty=44005.0 sell_qty=44395.0
[2026-03-11T03:33:06.211013+00:00] [FUTURE] NIFTY FUT 30 MAR 26 ltp=24405.7 oi=17922385.0 oi_val_ltp=437408351594
[2026-03-11T03:33:06.276031+00:00] [DATA POINT] {"id": 608, "timestamp": "2026-03-11T03:33:06Z", "date": "2026-03-11", "underlying": 24216.1, "ce_oi": 58010810.0, "pe_oi": 51035400.0, "total_ce_oi_value": 5400684568.5, "total_pe_oi_value": 7897065946.25}
[2026-03-11T03:33:06.277041+00:00] [SUCCESS] Data saved – id=608 ts=2026-03-11T03:33:06Z
[2026-03-11T03:34:02.612197+00:00] [REQUEST] POST /api/process - expiry: 2026-03-17
[2026-03-11T03:34:02.625655+00:00] [UPSTOX FETCH] instrument=NSE_INDEX|Nifty 50 expiry=2026-03-17
[2026-03-11T03:34:03.162692+00:00] [UPSTOX FETCH] status=success rows=126
[2026-03-11T03:34:04.127358+00:00] [FUTURE QUOTE] Fetching quote for NSE_FO|51714
[2026-03-11T03:34:04.658648+00:00] [FUTURE QUOTE] ltp=24405.7 atp=0.0 oi=17922385.0 vol=2665.0 buy_qty=47710.0 sell_qty=48490.0
[2026-03-11T03:34:04.668176+00:00] [FUTURE] NIFTY FUT 30 MAR 26 ltp=24405.7 oi=17922385.0 oi_val_ltp=437408351594
[2026-03-11T03:34:04.696348+00:00] [DATA POINT] {"id": 609, "timestamp": "2026-03-11T03:34:04Z", "date": "2026-03-11", "underlying": 24183.15, "ce_oi": 58010810.0, "pe_oi": 51035400.0, "total_ce_oi_value": 5400684568.5, "total_pe_oi_value": 7897065946.25}
[2026-03-11T03:34:04.697854+00:00] [SUCCESS] Data saved – id=609 ts=2026-03-11T03:34:04Z
[2026-03-11T03:35:01.601075+00:00] [REQUEST] POST /api/process - expiry: 2026-03-17
[2026-03-11T03:35:01.611761+00:00] [UPSTOX FETCH] instrument=NSE_INDEX|Nifty 50 expiry=2026-03-17
[2026-03-11T03:35:01.996167+00:00] [UPSTOX FETCH] status=success rows=126
[2026-03-11T03:35:03.001129+00:00] [FUTURE QUOTE] Fetching quote for NSE_FO|51714
[2026-03-11T03:35:03.309840+00:00] [FUTURE QUOTE] ltp=24405.7 atp=0.0 oi=17922385.0 vol=2795.0 buy_qty=52845.0 sell_qty=51675.0
[2026-03-11T03:35:03.312963+00:00] [FUTURE] NIFTY FUT 30 MAR 26 ltp=24405.7 oi=17922385.0 oi_val_ltp=437408351594
[2026-03-11T03:35:03.374923+00:00] [DATA POINT] {"id": 610, "timestamp": "2026-03-11T03:35:03Z", "date": "2026-03-11", "underlying": 24242.65, "ce_oi": 58010810.0, "pe_oi": 51035400.0, "total_ce_oi_value": 5400684568.5, "total_pe_oi_value": 7897065946.25}
[2026-03-11T03:35:03.374923+00:00] [SUCCESS] Data saved – id=610 ts=2026-03-11T03:35:03Z
[2026-03-11T03:36:00.601150+00:00] [REQUEST] POST /api/process - expiry: 2026-03-17
[2026-03-11T03:36:00.613766+00:00] [UPSTOX FETCH] instrument=NSE_INDEX|Nifty 50 expiry=2026-03-17
[2026-03-11T03:36:00.971410+00:00] [UPSTOX FETCH] status=success rows=126
[2026-03-11T03:36:01.937104+00:00] [FUTURE QUOTE] Fetching quote for NSE_FO|51714
[2026-03-11T03:36:02.289390+00:00] [FUTURE QUOTE] ltp=24405.7 atp=0.0 oi=17922385.0 vol=2925.0 buy_qty=235170.0 sell_qty=206180.0
[2026-03-11T03:36:02.292958+00:00] [FUTURE] NIFTY FUT 30 MAR 26 ltp=24405.7 oi=17922385.0 oi_val_ltp=437408351594
[2026-03-11T03:36:02.360184+00:00] [DATA POINT] {"id": 611, "timestamp": "2026-03-11T03:36:02Z", "date": "2026-03-11", "underlying": 24248.85, "ce_oi": 58010810.0, "pe_oi": 51035400.0, "total_ce_oi_value": 5400684568.5, "total_pe_oi_value": 7897065946.25}
[2026-03-11T03:36:02.361309+00:00] [SUCCESS] Data saved – id=611 ts=2026-03-11T03:36:02Z
[2026-03-11T03:37:00.606943+00:00] [REQUEST] POST /api/process - expiry: 2026-03-17
[2026-03-11T03:37:00.619797+00:00] [UPSTOX FETCH] instrument=NSE_INDEX|Nifty 50 expiry=2026-03-17
[2026-03-11T03:37:00.977391+00:00] [UPSTOX FETCH] status=success rows=126
[2026-03-11T03:37:01.873092+00:00] [FUTURE QUOTE] Fetching quote for NSE_FO|51714
[2026-03-11T03:37:02.191315+00:00] [FUTURE QUOTE] ltp=24405.7 atp=0.0 oi=17922385.0 vol=7540.0 buy_qty=242450.0 sell_qty=222300.0
[2026-03-11T03:37:02.194853+00:00] [FUTURE] NIFTY FUT 30 MAR 26 ltp=24405.7 oi=17922385.0 oi_val_ltp=437408351594
[2026-03-11T03:37:02.258307+00:00] [DATA POINT] {"id": 612, "timestamp": "2026-03-11T03:37:02Z", "date": "2026-03-11", "underlying": 24243.4, "ce_oi": 58010810.0, "pe_oi": 51035400.0, "total_ce_oi_value": 5400684568.5, "total_pe_oi_value": 7897065946.25}
[2026-03-11T03:37:02.259843+00:00] [SUCCESS] Data saved – id=612 ts=2026-03-11T03:37:02Z
[2026-03-11T03:38:00.621065+00:00] [REQUEST] POST /api/process - expiry: 2026-03-17
[2026-03-11T03:38:00.632447+00:00] [UPSTOX FETCH] instrument=NSE_INDEX|Nifty 50 expiry=2026-03-17
[2026-03-11T03:38:01.279991+00:00] [UPSTOX FETCH] status=success rows=126
[2026-03-11T03:38:02.261068+00:00] [FUTURE QUOTE] Fetching quote for NSE_FO|51714
[2026-03-11T03:38:02.607266+00:00] [FUTURE QUOTE] ltp=24339.0 atp=24339.0 oi=17367675.0 vol=8840.0 buy_qty=237055.0 sell_qty=221910.0
[2026-03-11T03:38:02.610725+00:00] [FUTURE] NIFTY FUT 30 MAR 26 ltp=24339.0 oi=17367675.0 oi_val_ltp=422711841825
[2026-03-11T03:38:02.673926+00:00] [DATA POINT] {"id": 613, "timestamp": "2026-03-11T03:38:02Z", "date": "2026-03-11", "underlying": 24231.85, "ce_oi": 58010810.0, "pe_oi": 51035400.0, "total_ce_oi_value": 5400684568.5, "total_pe_oi_value": 7897065946.25}
[2026-03-11T03:38:02.674459+00:00] [SUCCESS] Data saved – id=613 ts=2026-03-11T03:38:02Z
[2026-03-11T03:39:00.600006+00:00] [REQUEST] POST /api/process - expiry: 2026-03-17
[2026-03-11T03:39:00.611654+00:00] [UPSTOX FETCH] instrument=NSE_INDEX|Nifty 50 expiry=2026-03-17
[2026-03-11T03:39:00.989131+00:00] [UPSTOX FETCH] status=success rows=126
[2026-03-11T03:39:01.954689+00:00] [FUTURE QUOTE] Fetching quote for NSE_FO|51714
[2026-03-11T03:39:02.307036+00:00] [FUTURE QUOTE] ltp=24339.0 atp=24339.0 oi=17367675.0 vol=8840.0 buy_qty=237055.0 sell_qty=221910.0
[2026-03-11T03:39:02.312080+00:00] [FUTURE] NIFTY FUT 30 MAR 26 ltp=24339.0 oi=17367675.0 oi_val_ltp=422711841825
[2026-03-11T03:39:02.377083+00:00] [DATA POINT] {"id": 614, "timestamp": "2026-03-11T03:39:02Z", "date": "2026-03-11", "underlying": 24231.85, "ce_oi": 58010810.0, "pe_oi": 51035400.0, "total_ce_oi_value": 5400684568.5, "total_pe_oi_value": 7897065946.25}
[2026-03-11T03:39:02.378646+00:00] [SUCCESS] Data saved – id=614 ts=2026-03-11T03:39:02Z
[2026-03-11T03:39:07.906501+00:00] [REQUEST] POST /api/process - expiry: 2026-03-17
[2026-03-11T03:39:07.919975+00:00] [CACHE HIT] Returning scheduler-saved data for minute 2026-03-11T03:39
[2026-03-11T03:40:38.334693+00:00] [REQUEST] POST /api/process - expiry: 2026-03-17
[2026-03-11T03:40:38.346818+00:00] [UPSTOX FETCH] instrument=NSE_INDEX|Nifty 50 expiry=2026-03-17
[2026-03-11T03:40:38.679046+00:00] [UPSTOX FETCH] status=success rows=126
[2026-03-11T03:40:39.866351+00:00] [FUTURE QUOTE] Fetching quote for NSE_FO|51714
[2026-03-11T03:40:40.202321+00:00] [FUTURE QUOTE] ltp=24339.0 atp=24339.0 oi=17367675.0 vol=8840.0 buy_qty=237055.0 sell_qty=221910.0
[2026-03-11T03:40:40.204711+00:00] [FUTURE] NIFTY FUT 30 MAR 26 ltp=24339.0 oi=17367675.0 oi_val_ltp=422711841825
[2026-03-11T03:40:40.269019+00:00] [DATA POINT] {"id": 615, "timestamp": "2026-03-11T03:40:40Z", "date": "2026-03-11", "underlying": 24231.85, "ce_oi": 58011200.0, "pe_oi": 51035465.0, "total_ce_oi_value": 5401475631.5, "total_pe_oi_value": 7897279796.25}
[2026-03-11T03:40:40.270165+00:00] [SUCCESS] Data saved – id=615 ts=2026-03-11T03:40:40Z
[2026-03-11T03:41:18.204278+00:00] [REQUEST] POST /api/process - expiry: 2026-03-17
[2026-03-11T03:41:18.216217+00:00] [UPSTOX FETCH] instrument=NSE_INDEX|Nifty 50 expiry=2026-03-17
[2026-03-11T03:41:18.507137+00:00] [UPSTOX FETCH] status=success rows=126
[2026-03-11T03:41:19.636251+00:00] [FUTURE QUOTE] Fetching quote for NSE_FO|51714
[2026-03-11T03:41:19.927328+00:00] [FUTURE QUOTE] ltp=24339.0 atp=24339.0 oi=17367675.0 vol=8840.0 buy_qty=237055.0 sell_qty=221910.0
[2026-03-11T03:41:19.930574+00:00] [FUTURE] NIFTY FUT 30 MAR 26 ltp=24339.0 oi=17367675.0 oi_val_ltp=422711841825
[2026-03-11T03:41:19.993456+00:00] [DATA POINT] {"id": 616, "timestamp": "2026-03-11T03:41:19Z", "date": "2026-03-11", "underlying": 24231.85, "ce_oi": 58011200.0, "pe_oi": 51035465.0, "total_ce_oi_value": 5401475631.5, "total_pe_oi_value": 7897279796.25}
[2026-03-11T03:41:19.994595+00:00] [SUCCESS] Data saved – id=616 ts=2026-03-11T03:41:19Z
[2026-03-11T03:41:27.573174+00:00] [REQUEST] POST /api/process - expiry: 2026-03-17
[2026-03-11T03:41:27.585137+00:00] [CACHE HIT] Returning scheduler-saved data for minute 2026-03-11T03:41
[2026-03-11T03:42:58.601177+00:00] [REQUEST] POST /api/process - expiry: 2026-03-17
[2026-03-11T03:42:58.618673+00:00] [UPSTOX FETCH] instrument=NSE_INDEX|Nifty 50 expiry=2026-03-17
[2026-03-11T03:42:59.067306+00:00] [UPSTOX FETCH] status=success rows=126
[2026-03-11T03:43:00.056804+00:00] [FUTURE QUOTE] Fetching quote for NSE_FO|51714
[2026-03-11T03:43:00.380890+00:00] [FUTURE QUOTE] ltp=24339.0 atp=24339.0 oi=17367675.0 vol=8840.0 buy_qty=237055.0 sell_qty=221910.0
[2026-03-11T03:43:00.383231+00:00] [FUTURE] NIFTY FUT 30 MAR 26 ltp=24339.0 oi=17367675.0 oi_val_ltp=422711841825
[2026-03-11T03:43:00.446189+00:00] [DATA POINT] {"id": 617, "timestamp": "2026-03-11T03:43:00Z", "date": "2026-03-11", "underlying": 24231.85, "ce_oi": 58011200.0, "pe_oi": 51035465.0, "total_ce_oi_value": 5401475631.5, "total_pe_oi_value": 7897279796.25}
[2026-03-11T03:43:00.447697+00:00] [SUCCESS] Data saved – id=617 ts=2026-03-11T03:43:00Z
[2026-03-11T03:43:28.060900+00:00] [REQUEST] POST /api/process - expiry: 2026-03-17
[2026-03-11T03:43:28.071956+00:00] [CACHE HIT] Returning scheduler-saved data for minute 2026-03-11T03:43
[2026-03-11T03:44:00.013926+00:00] [UPSTOX FETCH] instrument=NSE_INDEX|Nifty 50 expiry=2026-03-17
[2026-03-11T03:44:00.498057+00:00] [UPSTOX FETCH] status=success rows=126
[2026-03-11T03:44:01.509808+00:00] [FUTURE QUOTE] Fetching quote for NSE_FO|51714
[2026-03-11T03:44:01.820513+00:00] [FUTURE QUOTE] ltp=24339.0 atp=24339.0 oi=17367675.0 vol=8840.0 buy_qty=237055.0 sell_qty=221910.0
[2026-03-11T03:44:01.824026+00:00] [SCHEDULER][FUTURE] NIFTY FUT 30 MAR 26 ltp=24339.0 oi=17367675.0 oi_val_ltp=422711841825
[2026-03-11T03:44:01.884373+00:00] [DATA POINT] {"id": 618, "timestamp": "2026-03-11T03:44:01Z", "date": "2026-03-11", "underlying": 24231.85, "ce_oi": 58011200.0, "pe_oi": 51035465.0, "total_ce_oi_value": 5401475631.5, "total_pe_oi_value": 7897279796.25}
[2026-03-11T03:44:01.885476+00:00] [SCHEDULER] Saved snapshot id=618 ts=2026-03-11T03:44:01Z
[2026-03-11T03:44:09.594182+00:00] [REQUEST] POST /api/process - expiry: 2026-03-17
[2026-03-11T03:44:09.604305+00:00] [CACHE HIT] Returning scheduler-saved data for minute 2026-03-11T03:44
[2026-03-11T03:45:00.006918+00:00] [UPSTOX FETCH] instrument=NSE_INDEX|Nifty 50 expiry=2026-03-17
[2026-03-11T03:45:00.414150+00:00] [UPSTOX FETCH] status=success rows=126
[2026-03-11T03:45:01.736219+00:00] [FUTURE QUOTE] Fetching quote for NSE_FO|51714
[2026-03-11T03:45:02.101894+00:00] [FUTURE QUOTE] ltp=24339.0 atp=24339.0 oi=17367675.0 vol=8840.0 buy_qty=237055.0 sell_qty=221910.0
[2026-03-11T03:45:02.105430+00:00] [SCHEDULER][FUTURE] NIFTY FUT 30 MAR 26 ltp=24339.0 oi=17367675.0 oi_val_ltp=422711841825
[2026-03-11T03:45:02.169927+00:00] [DATA POINT] {"id": 619, "timestamp": "2026-03-11T03:45:02Z", "date": "2026-03-11", "underlying": 24231.85, "ce_oi": 58011200.0, "pe_oi": 51035465.0, "total_ce_oi_value": 5401475631.5, "total_pe_oi_value": 7897279796.25}
[2026-03-11T03:45:02.170926+00:00] [SCHEDULER] Saved snapshot id=619 ts=2026-03-11T03:45:02Z
[2026-03-11T03:45:52.869003+00:00] [REQUEST] POST /api/process - expiry: 2026-03-17
[2026-03-11T03:45:52.880993+00:00] [CACHE HIT] Returning scheduler-saved data for minute 2026-03-11T03:45
[2026-03-11T03:46:00.004290+00:00] [UPSTOX FETCH] instrument=NSE_INDEX|Nifty 50 expiry=2026-03-17
[2026-03-11T03:46:00.605563+00:00] [UPSTOX FETCH] status=success rows=126
[2026-03-11T03:46:01.849459+00:00] [FUTURE QUOTE] Fetching quote for NSE_FO|51714
[2026-03-11T03:46:02.240831+00:00] [FUTURE QUOTE] ltp=24309.3 atp=24325.0 oi=17395820.0 vol=139880.0 buy_qty=354965.0 sell_qty=346580.0
[2026-03-11T03:46:02.243954+00:00] [SCHEDULER][FUTURE] NIFTY FUT 30 MAR 26 ltp=24309.3 oi=17395820.0 oi_val_ltp=422880207126
[2026-03-11T03:46:02.307088+00:00] [DATA POINT] {"id": 620, "timestamp": "2026-03-11T03:46:02Z", "date": "2026-03-11", "underlying": 24223.9, "ce_oi": 58534710.0, "pe_oi": 51803960.0, "total_ce_oi_value": 4200186477.5, "total_pe_oi_value": 8482243367.0}
[2026-03-11T03:46:02.308083+00:00] [SCHEDULER] Saved snapshot id=620 ts=2026-03-11T03:46:02Z
[2026-03-11T03:47:00.012268+00:00] [UPSTOX FETCH] instrument=NSE_INDEX|Nifty 50 expiry=2026-03-17
[2026-03-11T03:47:00.310022+00:00] [UPSTOX FETCH] status=success rows=126
[2026-03-11T03:47:01.320947+00:00] [FUTURE QUOTE] Fetching quote for NSE_FO|51714
[2026-03-11T03:47:01.332041+00:00] [REQUEST] POST /api/process - expiry: 2026-03-17
[2026-03-11T03:47:01.343041+00:00] [UPSTOX FETCH] instrument=NSE_INDEX|Nifty 50 expiry=2026-03-17
[2026-03-11T03:47:01.646419+00:00] [FUTURE QUOTE] ltp=24338.0 atp=24326.77 oi=17395820.0 vol=206700.0 buy_qty=369395.0 sell_qty=318565.0
[2026-03-11T03:47:01.650413+00:00] [SCHEDULER][FUTURE] NIFTY FUT 30 MAR 26 ltp=24338.0 oi=17395820.0 oi_val_ltp=423379467160
[2026-03-11T03:47:01.652930+00:00] [UPSTOX FETCH] status=success rows=126
[2026-03-11T03:47:01.717585+00:00] [DATA POINT] {"id": 621, "timestamp": "2026-03-11T03:47:01Z", "date": "2026-03-11", "underlying": 24254.9, "ce_oi": 62821330.0, "pe_oi": 55412565.0, "total_ce_oi_value": 4824280425.25, "total_pe_oi_value": 8315077946.5}
[2026-03-11T03:47:01.722104+00:00] [SCHEDULER] Saved snapshot id=621 ts=2026-03-11T03:47:01Z
[2026-03-11T03:47:02.694415+00:00] [FUTURE QUOTE] Fetching quote for NSE_FO|51714
[2026-03-11T03:47:02.977314+00:00] [FUTURE QUOTE] ltp=24335.8 atp=24326.77 oi=17395820.0 vol=207220.0 buy_qty=369395.0 sell_qty=318565.0
[2026-03-11T03:47:02.979834+00:00] [FUTURE] NIFTY FUT 30 MAR 26 ltp=24335.8 oi=17395820.0 oi_val_ltp=423341196356
[2026-03-11T03:47:02.985847+00:00] [DEDUP] Snapshot for minute 2026-03-11T03:47 already exists (stored ts=2026-03-11T03:47:01Z) — skipping insert
[2026-03-11T03:47:02.988354+00:00] [SUCCESS] Data saved – id=621 ts=2026-03-11T03:47:01Z
[2026-03-11T03:48:00.015093+00:00] [UPSTOX FETCH] instrument=NSE_INDEX|Nifty 50 expiry=2026-03-17
[2026-03-11T03:48:00.413084+00:00] [UPSTOX FETCH] status=success rows=126
[2026-03-11T03:48:01.673757+00:00] [FUTURE QUOTE] Fetching quote for NSE_FO|51714
[2026-03-11T03:48:01.681798+00:00] [REQUEST] POST /api/process - expiry: 2026-03-17
[2026-03-11T03:48:01.695449+00:00] [UPSTOX FETCH] instrument=NSE_INDEX|Nifty 50 expiry=2026-03-17
[2026-03-11T03:48:02.054096+00:00] [FUTURE QUOTE] ltp=24358.4 atp=24332.08 oi=17395820.0 vol=266305.0 buy_qty=383110.0 sell_qty=340600.0
[2026-03-11T03:48:02.056784+00:00] [SCHEDULER][FUTURE] NIFTY FUT 30 MAR 26 ltp=24358.4 oi=17395820.0 oi_val_ltp=423734341888
[2026-03-11T03:48:02.059787+00:00] [UPSTOX FETCH] status=success rows=126
[2026-03-11T03:48:02.130838+00:00] [DATA POINT] {"id": 622, "timestamp": "2026-03-11T03:48:02Z", "date": "2026-03-11", "underlying": 24277.95, "ce_oi": 62821330.0, "pe_oi": 55417505.0, "total_ce_oi_value": 4981158412.75, "total_pe_oi_value": 8069891401.0}
[2026-03-11T03:48:02.130838+00:00] [SCHEDULER] Saved snapshot id=622 ts=2026-03-11T03:48:02Z
[2026-03-11T03:48:03.208708+00:00] [FUTURE QUOTE] Fetching quote for NSE_FO|51714
[2026-03-11T03:48:03.583346+00:00] [FUTURE QUOTE] ltp=24358.6 atp=24332.14 oi=17395820.0 vol=266890.0 buy_qty=369395.0 sell_qty=343200.0
[2026-03-11T03:48:03.586728+00:00] [FUTURE] NIFTY FUT 30 MAR 26 ltp=24358.6 oi=17395820.0 oi_val_ltp=423737821052
[2026-03-11T03:48:03.594090+00:00] [DEDUP] Snapshot for minute 2026-03-11T03:48 already exists (stored ts=2026-03-11T03:48:02Z) — skipping insert
[2026-03-11T03:48:03.596146+00:00] [SUCCESS] Data saved – id=622 ts=2026-03-11T03:48:02Z
[2026-03-11T03:49:00.014564+00:00] [UPSTOX FETCH] instrument=NSE_INDEX|Nifty 50 expiry=2026-03-17
[2026-03-11T03:49:00.441566+00:00] [UPSTOX FETCH] status=success rows=126
[2026-03-11T03:49:01.622506+00:00] [FUTURE QUOTE] Fetching quote for NSE_FO|51714
[2026-03-11T03:49:01.633319+00:00] [REQUEST] POST /api/process - expiry: 2026-03-17
[2026-03-11T03:49:01.649928+00:00] [UPSTOX FETCH] instrument=NSE_INDEX|Nifty 50 expiry=2026-03-17
[2026-03-11T03:49:01.949289+00:00] [FUTURE QUOTE] ltp=24365.0 atp=24335.43 oi=17395820.0 vol=301860.0 buy_qty=395070.0 sell_qty=342680.0
[2026-03-11T03:49:01.952993+00:00] [SCHEDULER][FUTURE] NIFTY FUT 30 MAR 26 ltp=24365.0 oi=17395820.0 oi_val_ltp=423849154300
[2026-03-11T03:49:01.968545+00:00] [UPSTOX FETCH] status=success rows=126
[2026-03-11T03:49:02.016188+00:00] [DATA POINT] {"id": 623, "timestamp": "2026-03-11T03:49:01Z", "date": "2026-03-11", "underlying": 24282.75, "ce_oi": 62821330.0, "pe_oi": 55419130.0, "total_ce_oi_value": 5059438783.75, "total_pe_oi_value": 8069857536.0}
[2026-03-11T03:49:02.017191+00:00] [SCHEDULER] Saved snapshot id=623 ts=2026-03-11T03:49:01Z
[2026-03-11T03:49:03.053286+00:00] [FUTURE QUOTE] Fetching quote for NSE_FO|51714
[2026-03-11T03:49:03.383502+00:00] [FUTURE QUOTE] ltp=24365.5 atp=24335.46 oi=17386915.0 vol=302575.0 buy_qty=397215.0 sell_qty=333320.0
[2026-03-11T03:49:03.387501+00:00] [FUTURE] NIFTY FUT 30 MAR 26 ltp=24365.5 oi=17386915.0 oi_val_ltp=423640877432
[2026-03-11T03:49:03.394531+00:00] [DEDUP] Snapshot for minute 2026-03-11T03:49 already exists (stored ts=2026-03-11T03:49:01Z) — skipping insert
[2026-03-11T03:49:03.396551+00:00] [SUCCESS] Data saved – id=623 ts=2026-03-11T03:49:01Z
[2026-03-11T03:49:44.826837+00:00] [REQUEST] POST /api/process - expiry: 2026-03-17
[2026-03-11T03:49:44.840651+00:00] [CACHE HIT] Returning scheduler-saved data for minute 2026-03-11T03:49
[2026-03-11T03:50:00.013681+00:00] [UPSTOX FETCH] instrument=NSE_INDEX|Nifty 50 expiry=2026-03-17
[2026-03-11T03:50:00.529383+00:00] [UPSTOX FETCH] status=success rows=126
[2026-03-11T03:50:01.521562+00:00] [FUTURE QUOTE] Fetching quote for NSE_FO|51714
[2026-03-11T03:50:01.853515+00:00] [FUTURE QUOTE] ltp=24366.1 atp=24339.92 oi=17386915.0 vol=357370.0 buy_qty=397540.0 sell_qty=331305.0
[2026-03-11T03:50:01.855023+00:00] [SCHEDULER][FUTURE] NIFTY FUT 30 MAR 26 ltp=24366.1 oi=17386915.0 oi_val_ltp=423651309582
[2026-03-11T03:50:01.918184+00:00] [DATA POINT] {"id": 624, "timestamp": "2026-03-11T03:50:01Z", "date": "2026-03-11", "underlying": 24288.35, "ce_oi": 72104110.0, "pe_oi": 62715185.0, "total_ce_oi_value": 6069150392.5, "total_pe_oi_value": 9158833167.25}
[2026-03-11T03:50:01.919426+00:00] [SCHEDULER] Saved snapshot id=624 ts=2026-03-11T03:50:01Z
[2026-03-11T03:51:00.010203+00:00] [UPSTOX FETCH] instrument=NSE_INDEX|Nifty 50 expiry=2026-03-17
[2026-03-11T03:51:00.445300+00:00] [UPSTOX FETCH] status=success rows=126
[2026-03-11T03:51:01.662427+00:00] [FUTURE QUOTE] Fetching quote for NSE_FO|51714
[2026-03-11T03:51:01.960716+00:00] [FUTURE QUOTE] ltp=24371.5 atp=24341.84 oi=17386915.0 vol=386490.0 buy_qty=406250.0 sell_qty=350220.0
[2026-03-11T03:51:01.964745+00:00] [SCHEDULER][FUTURE] NIFTY FUT 30 MAR 26 ltp=24371.5 oi=17386915.0 oi_val_ltp=423745198922
[2026-03-11T03:51:01.980843+00:00] [DATA POINT] {"id": 625, "timestamp": "2026-03-11T03:51:01Z", "date": "2026-03-11", "underlying": 24293.35, "ce_oi": 72105475.0, "pe_oi": 62716095.0, "total_ce_oi_value": 6088058076.75, "total_pe_oi_value": 8988720084.5}
[2026-03-11T03:51:01.982140+00:00] [SCHEDULER] Saved snapshot id=625 ts=2026-03-11T03:51:01Z
[2026-03-11T03:52:00.005022+00:00] [UPSTOX FETCH] instrument=NSE_INDEX|Nifty 50 expiry=2026-03-17
[2026-03-11T03:52:00.333619+00:00] [UPSTOX FETCH] status=success rows=126
[2026-03-11T03:52:01.270383+00:00] [FUTURE QUOTE] Fetching quote for NSE_FO|51714
[2026-03-11T03:52:01.658334+00:00] [FUTURE QUOTE] ltp=24371.9 atp=24344.25 oi=17386915.0 vol=420810.0 buy_qty=405340.0 sell_qty=352170.0
[2026-03-11T03:52:01.661931+00:00] [SCHEDULER][FUTURE] NIFTY FUT 30 MAR 26 ltp=24371.9 oi=17386915.0 oi_val_ltp=423752153688
[2026-03-11T03:52:01.725014+00:00] [DATA POINT] {"id": 626, "timestamp": "2026-03-11T03:52:01Z", "date": "2026-03-11", "underlying": 24296.4, "ce_oi": 72105605.0, "pe_oi": 62724935.0, "total_ce_oi_value": 6091653158.5, "total_pe_oi_value": 8940860548.75}
[2026-03-11T03:52:01.725531+00:00] [SCHEDULER] Saved snapshot id=626 ts=2026-03-11T03:52:01Z
